// Jest Snapshot v1, https://goo.gl/fbAQLP

exports[`renders correctly 1`] = `
<Text
  style={
    [
      {
        "color": "#fff",
      },
      {
        "fontSize": 18,
        "lineHeight": 28,
      },
      {
        "textAlign": "center",
      },
      {
        "fontFamily": "CrimsonText_400Regular",
      },
    ]
  }
>
  This is a unit test for the ThemedText component
</Text>
`;
